[15/Sep/2023:12:00:00 -0400] "PUT /login HTTP/1.1" 500 48487
[15/Sep/2023:12:01:00 -0400] "PATCH /login HTTP/1.1" 202 5892
[15/Sep/2023:12:02:00 -0400] "POST /api/items HTTP/2.0" 202 26891
[15/Sep/2023:12:03:00 -0400] "DELETE /upload HTTP/1.0" 201 45626
[15/Sep/2023:12:04:00 -0400] "POST /logout HTTP/2.0" 201 38525
[15/Sep/2023:12:05:00 -0400] "PATCH /upload HTTP/1.0" 500 16053
[15/Sep/2023:12:06:00 -0400] "PUT /logout HTTP/2.0" 404 19411
[15/Sep/2023:12:07:00 -0400] "POST /logout HTTP/1.1" 500 1321
[15/Sep/2023:12:08:00 -0400] "PATCH /api/users HTTP/1.1" 500 3846
[15/Sep/2023:12:09:00 -0400] "PUT /login HTTP/2.0" 200 34045
[15/Sep/2023:12:10:00 -0400] "GET /api/users HTTP/1.0" 200 29563
[15/Sep/2023:12:11:00 -0400] "DELETE /logout HTTP/1.0" 202 35941
[15/Sep/2023:12:12:00 -0400] "DELETE /api/users HTTP/2.0" 202 14645
[15/Sep/2023:12:13:00 -0400] "PUT /api/items HTTP/1.0" 202 6398
[15/Sep/2023:12:14:00 -0400] "POST /logout HTTP/2.0" 202 24832
[15/Sep/2023:12:15:00 -0400] "POST /api/users HTTP/1.0" 200 2191
[15/Sep/2023:12:16:00 -0400] "POST /api/items HTTP/1.1" 200 37468
[15/Sep/2023:12:17:00 -0400] "GET /api/items HTTP/1.1" 202 34234
[15/Sep/2023:12:18:00 -0400] "PATCH /logout HTTP/1.1" 200 16180
[15/Sep/2023:12:19:00 -0400] "POST /login HTTP/1.0" 201 17209