[11/Oct/2024:02:37:53 +0000] "GET /home HTTP/1.1" 200 5395
[11/Oct/2024:03:28:33 +0000] "POST /api/data HTTP/1.1" 404 11622
[11/Oct/2024:03:59:20 +0000] "GET /login HTTP/1.1" 403 21744
[11/Oct/2024:04:56:03 +0000] "PATCH /logout HTTP/1.1" 500 35521
[11/Oct/2024:08:16:56 +0000] "GET /api/data HTTP/1.1" 500 15507
[11/Oct/2024:09:58:46 +0000] "POST /home HTTP/1.1" 503 16822
[11/Oct/2024:10:32:47 +0000] "DELETE /logout HTTP/1.1" 403 41138
[11/Oct/2024:10:33:29 +0000] "POST /logout HTTP/1.1" 500 25668
[11/Oct/2024:11:23:57 +0000] "POST /home HTTP/1.1" 500 27763
[11/Oct/2024:12:15:57 +0000] "PATCH /api/update HTTP/1.1" 404 10590
[11/Oct/2024:14:00:00 +0000] "POST /api/data HTTP/1.1" 400 14476
[11/Oct/2024:14:00:00 +0000] "POST /home HTTP/1.1" 400 15256
[11/Oct/2024:14:00:00 +0000] "POST /login HTTP/1.1" 400 4200
[11/Oct/2024:14:32:15 +0000] "PUT /api/update HTTP/1.1" 301 21136
[11/Oct/2024:14:48:37 +0000] "GET /home HTTP/1.1" 403 48517
[11/Oct/2024:16:53:19 +0000] "GET /home HTTP/1.1" 500 27350
[11/Oct/2024:16:55:29 +0000] "GET /api/update HTTP/1.1" 500 18898
[11/Oct/2024:18:48:13 +0000] "PUT /api/data HTTP/1.1" 301 7910
[11/Oct/2024:19:39:29 +0000] "GET /api/data HTTP/1.1" 403 28442
[11/Oct/2024:20:46:20 +0000] "PUT /login HTTP/1.1" 404 22101
[11/Oct/2024:22:33:29 +0000] "POST /login HTTP/1.1" 404 2123
[11/Oct/2024:23:22:57 +0000] "PUT /logout HTTP/1.1" 200 10955
[11/Oct/2024:23:37:38 +0000] "DELETE /home HTTP/1.1" 200 22812